// Jest Snapshot v1, https://goo.gl/fbAQLP

exports[`QandA Component Testing renders the QandA component correctly 1`] = `
<div>
  <h3>
    Questions and Answers
  </h3>
  <div
    className="search"
  >
    <form>
      <input
        onChange={[Function]}
        placeholder="Have a Question Search For Answers"
        type="text"
      />
      <input
        type="submit"
      />
    </form>
  </div>
  <div>
    <div>
      <div
        className="tile"
      >
        <div
          className="first_line"
        >
          <h3>
            Q:
          </h3>
          <h5
            onClick={[Function]}
          >
            Helpful? Yes 
          </h5>
          <button>
            add answer
          </button>
        </div>
        <div>
          A:
        </div>
      </div>
    </div>
    <button
      onClick={[Function]}
    />
    <button>
      Add A Question
    </button>
  </div>
</div>
`;
